Component: ARM Compiler 5.06 update 7 (build 960) Tool: armlink [4d3601]

==============================================================================

Section Cross References

    main.o(i.EarlyRollingMode_GenerateAPSTrial_SendRF) refers to Lib_Meas_Comp_Temp.o(Lib_Meas_Comp_Temp_) for Lib_Meas_Comp_Temp
    main.o(i.EarlyRollingMode_GenerateAPSTrial_SendRF) refers to main.o(i.ErrorHandling) for ErrorHandling
    main.o(i.EarlyRollingMode_GenerateAPSTrial_SendRF) refers to devlib.o(i.Uart_SendString) for Uart_SendString
    main.o(i.EarlyRollingMode_GenerateAPSTrial_SendRF) refers to devlib.o(i.Uart_SendHex32) for Uart_SendHex32
    main.o(i.EarlyRollingMode_GenerateAPSTrial_SendRF) refers to Lib_Meas_Raw_Acceleration.o(Lib_Meas_Raw_Acceleration_) for Lib_Meas_Raw_Acceleration
    main.o(i.EarlyRollingMode_GenerateAPSTrial_SendRF) refers to Lib_Comp_Auto_Acc_Offset.o(Lib_Comp_Auto_Acc_Offset_) for Lib_Comp_Auto_Acc_Offset
    main.o(i.EarlyRollingMode_GenerateAPSTrial_SendRF) refers to Lib_Comp_Acceleration.o(Lib_Comp_Acceleration_) for Lib_Comp_Acceleration
    main.o(i.EarlyRollingMode_GenerateAPSTrial_SendRF) refers to Lib_Serv_Start_Xtal_Osc.o(Lib_Serv_Start_Xtal_Osc_) for Lib_Serv_Start_Xtal_Osc
    main.o(i.EarlyRollingMode_GenerateAPSTrial_SendRF) refers to Lib_Diag_RC_Osc_Chk.o(Lib_Diag_RC_Osc_Chk_) for Lib_Diag_RC_Osc_Chk
    main.o(i.EarlyRollingMode_GenerateAPSTrial_SendRF) refers to Lib_Serv_Stop_Xtal_Osc.o(Lib_Serv_Stop_Xtal_Osc_) for Lib_Serv_Stop_Xtal_Osc
    main.o(i.EarlyRollingMode_GenerateAPSTrial_SendRF) refers to Lib_Adv_APS_Sample.o(Lib_Adv_APS_Sample_) for Lib_Adv_APS_Sample
    main.o(i.EarlyRollingMode_GenerateAPSTrial_SendRF) refers to printf8.o(i.__0printf$8) for __2printf
    main.o(i.EarlyRollingMode_GenerateAPSTrial_SendRF) refers to devlib.o(i.Delay1ms) for Delay1ms
    main.o(i.EarlyRollingMode_GenerateAPSTrial_SendRF) refers to idiv.o(.text) for __aeabi_idivmod
    main.o(i.EarlyRollingMode_GenerateAPSTrial_SendRF) refers to uidiv.o(.text) for __aeabi_uidivmod
    main.o(i.EarlyRollingMode_GenerateAPSTrial_SendRF) refers to main.o(.data) for APS_ExtrapolationAngle
    main.o(i.MeasCompPrint_AIN) refers to Lib_Serv_Pin_Config.o(Lib_Serv_Pin_Config_) for Lib_Serv_Pin_Config
    main.o(i.MeasCompPrint_AIN) refers to devlib.o(i.Uart_SendString) for Uart_SendString
    main.o(i.MeasCompPrint_AIN) refers to devlib.o(i.Uart_SendHex32) for Uart_SendHex32
    main.o(i.MeasCompPrint_AIN) refers to printf8.o(i.__0printf$8) for __2printf
    main.o(i.MeasCompPrint_AIN) refers to Lib_Meas_Comp_Ain_Voltage.o(Lib_Meas_Comp_Ain_Voltage_) for Lib_Meas_Comp_Ain_Voltage
    main.o(i.MeasCompPrint_AIN) refers to devlib.o(i.Uart_SendDecimalSigned) for Uart_SendDecimalSigned
    main.o(i.MeasCompPrint_AIN) refers to devlib.o(i.Uart_SendHex16) for Uart_SendHex16
    main.o(i.MeasCompPrint_Acceleration) refers to Lib_Meas_Comp_Temp.o(Lib_Meas_Comp_Temp_) for Lib_Meas_Comp_Temp
    main.o(i.MeasCompPrint_Acceleration) refers to printf8.o(i.__0printf$8) for __2printf
    main.o(i.MeasCompPrint_Acceleration) refers to Lib_Meas_Raw_Acceleration.o(Lib_Meas_Raw_Acceleration_) for Lib_Meas_Raw_Acceleration
    main.o(i.MeasCompPrint_Acceleration) refers to Lib_Comp_Auto_Acc_Offset.o(Lib_Comp_Auto_Acc_Offset_) for Lib_Comp_Auto_Acc_Offset
    main.o(i.MeasCompPrint_Acceleration) refers to Lib_Comp_Acceleration.o(Lib_Comp_Acceleration_) for Lib_Comp_Acceleration
    main.o(i.MeasCompPrint_Pressure) refers to Lib_Meas_Raw_Pressure.o(Lib_Meas_Raw_Pressure_) for Lib_Meas_Raw_Pressure
    main.o(i.MeasCompPrint_Pressure) refers to printf8.o(i.__0printf$8) for __2printf
    main.o(i.MeasCompPrint_Pressure) refers to Lib_Comp_Pressure.o(Lib_Comp_Pressure_) for Lib_Comp_Pressure
    main.o(i.MeasCompPrint_SupplyVoltage) refers to Lib_Meas_Comp_SupplyV.o(Lib_Meas_Comp_SupplyV_) for Lib_Meas_Comp_SupplyV
    main.o(i.MeasCompPrint_SupplyVoltage) refers to printf8.o(i.__0printf$8) for __2printf
    main.o(i.MeasCompPrint_SupplyVoltage) refers to idiv.o(.text) for __aeabi_idivmod
    main.o(i.MeasCompPrint_SupplyVoltage) refers to dflti.o(.text) for __aeabi_i2d
    main.o(i.MeasCompPrint_SupplyVoltage) refers to round.o(i.round) for round
    main.o(i.MeasCompPrint_SupplyVoltage) refers to dfixui.o(.text) for __aeabi_d2uiz
    main.o(i.MeasCompPrint_Temperature) refers to Lib_Meas_Comp_Temp.o(Lib_Meas_Comp_Temp_) for Lib_Meas_Comp_Temp
    main.o(i.MeasCompPrint_Temperature) refers to printf8.o(i.__0printf$8) for __2printf
    main.o(i.MeasCompPrint_Temperature) refers to devlib.o(i.Uart_SendHex32) for Uart_SendHex32
    main.o(i.main) refers to uwrite4.o(.text) for __aeabi_uwrite4
    main.o(i.main) refers to devlib.o(i.Uart_Init) for Uart_Init
    main.o(i.main) refers to Lib_Serv_Start_Xtal_Osc.o(Lib_Serv_Start_Xtal_Osc_) for Lib_Serv_Start_Xtal_Osc
    main.o(i.main) refers to main.o(i.ErrorHandling) for ErrorHandling
    main.o(i.main) refers to devlib.o(i.Uart_Baudrate_Calib) for Uart_Baudrate_Calib
    main.o(i.main) refers to Lib_Serv_Stop_Xtal_Osc.o(Lib_Serv_Stop_Xtal_Osc_) for Lib_Serv_Stop_Xtal_Osc
    main.o(i.main) refers to printf8.o(i.__0printf$8) for __2printf
    main.o(i.main) refers to main.o(i.MeasCompPrint_Temperature) for MeasCompPrint_Temperature
    main.o(i.main) refers to main.o(i.MeasCompPrint_Pressure) for MeasCompPrint_Pressure
    main.o(i.main) refers to main.o(i.MeasCompPrint_Acceleration) for MeasCompPrint_Acceleration
    main.o(i.main) refers to main.o(i.MeasCompPrint_SupplyVoltage) for MeasCompPrint_SupplyVoltage
    main.o(i.main) refers to Lib_Diag_RC_Osc_Chk.o(Lib_Diag_RC_Osc_Chk_) for Lib_Diag_RC_Osc_Chk
    main.o(i.main) refers to common.o(i.swapBytes) for swapBytes
    main.o(i.main) refers to hamming.o(i.hamming_8_4_array_enc) for hamming_8_4_array_enc
    main.o(i.main) refers to devlib.o(i.Uart_Putchar) for Uart_Putchar
    main.o(i.main) refers to hamming.o(i.hamming_8_4_array_dec) for hamming_8_4_array_dec
    main.o(i.main) refers to Lib_State_Low_Power.o(Lib_State_Low_Power_) for Lib_State_Low_Power
    main.o(i.main) refers to main.o(.data) for frame_cnt
    devlib.o(i.Uart_Baudrate_Calib) refers to uidiv.o(.text) for __aeabi_uidivmod
    devlib.o(i.Uart_Baudrate_Calib) refers to devlib.o(.data) for Uart_Config_Loc
    devlib.o(i.Uart_Init) refers to devlib.o(.data) for Uart_Config_Loc
    devlib.o(i.Uart_Putchar) refers to devlib.o(.data) for .data
    devlib.o(i.Uart_SendDecimalSigned) refers to devlib.o(i.Uart_Putchar) for Uart_Putchar
    devlib.o(i.Uart_SendDecimalSigned) refers to uidiv.o(.text) for __aeabi_uidivmod
    devlib.o(i.Uart_SendDecimalUnsigned) refers to uidiv.o(.text) for __aeabi_uidivmod
    devlib.o(i.Uart_SendDecimalUnsigned) refers to devlib.o(i.Uart_Putchar) for Uart_Putchar
    devlib.o(i.Uart_SendHex16) refers to devlib.o(i.Uart_SendString) for Uart_SendString
    devlib.o(i.Uart_SendHex16) refers to devlib.o(i.Uart_Putchar) for Uart_Putchar
    devlib.o(i.Uart_SendHex32) refers to devlib.o(i.Uart_SendString) for Uart_SendString
    devlib.o(i.Uart_SendHex32) refers to devlib.o(i.Uart_Putchar) for Uart_Putchar
    devlib.o(i.Uart_SendHex8) refers to devlib.o(i.Uart_SendString) for Uart_SendString
    devlib.o(i.Uart_SendHex8) refers to devlib.o(i.Uart_Putchar) for Uart_Putchar
    devlib.o(i.Uart_SendString) refers to devlib.o(i.Uart_Putchar) for Uart_Putchar
    hamming.o(i.hamming_8_4_array_dec) refers to hamming.o(i.hamming_8_4_dec) for hamming_8_4_dec
    hamming.o(i.hamming_8_4_array_enc) refers to hamming.o(i.hamming_8_4_enc) for hamming_8_4_enc
    hamming.o(i.hamming_8_4_dec) refers to hamming.o(i.inter_byte_xor) for inter_byte_xor
    hamming.o(i.hamming_8_4_dec) refers to hamming.o(i.__ARM_common_switch8) for __ARM_common_switch8
    hamming.o(i.hamming_8_4_enc) refers to hamming.o(i.__ARM_common_switch8) for __ARM_common_switch8
    startup_sp49.o(RESET) refers to entry.o(.ARM.Collect$$$$00000000) for __main
    round.o(i.round) refers (Special) to iusefp.o(.text) for __I$use$fp
    round.o(i.round) refers to drnd.o(.text) for _drnd
    round.o(i.round) refers to dadd.o(.text) for __aeabi_dsub
    round.o(i.round) refers to cdcmple.o(.text) for __aeabi_cdcmple
    round.o(i.round) refers to cdrcmple.o(.text) for __aeabi_cdrcmple
    entry.o(.ARM.Collect$$$$00000000) refers (Special) to entry10a.o(.ARM.Collect$$$$0000000F) for __rt_final_cpp
    entry.o(.ARM.Collect$$$$00000000) refers (Special) to entry11a.o(.ARM.Collect$$$$00000011) for __rt_final_exit
    entry.o(.ARM.Collect$$$$00000000) refers (Special) to entry12b.o(.ARM.Collect$$$$0000000E) for __rt_lib_shutdown_fini
    entry.o(.ARM.Collect$$$$00000000) refers (Special) to entry7b.o(.ARM.Collect$$$$00000008) for _main_clock
    entry.o(.ARM.Collect$$$$00000000) refers (Special) to entry8b.o(.ARM.Collect$$$$0000000A) for _main_cpp_init
    entry.o(.ARM.Collect$$$$00000000) refers (Special) to entry9a.o(.ARM.Collect$$$$0000000B) for _main_init
    entry.o(.ARM.Collect$$$$00000000) refers (Special) to entry5.o(.ARM.Collect$$$$00000004) for _main_scatterload
    entry.o(.ARM.Collect$$$$00000000) refers (Special) to entry2.o(.ARM.Collect$$$$00000001) for _main_stk
    idiv.o(.text) refers to uidiv.o(.text) for __aeabi_uidivmod
    printfb.o(i.__0fprintf$bare) refers to printfb.o(i._printf_core) for _printf_core
    printfb.o(i.__0fprintf$bare) refers to devlib.o(i.fputc) for fputc
    printfb.o(i.__0printf$bare) refers to printfb.o(i._printf_core) for _printf_core
    printfb.o(i.__0printf$bare) refers to devlib.o(i.fputc) for fputc
    printfb.o(i.__0printf$bare) refers to stdout.o(.data) for __stdout
    printfb.o(i.__0snprintf$bare) refers to printfb.o(i._printf_core) for _printf_core
    printfb.o(i.__0snprintf$bare) refers to printfb.o(i._snputc) for _snputc
    printfb.o(i.__0sprintf$bare) refers to printfb.o(i._printf_core) for _printf_core
    printfb.o(i.__0sprintf$bare) refers to printfb.o(i._sputc) for _sputc
    printfb.o(i.__0vfprintf$bare) refers to printfb.o(i._printf_core) for _printf_core
    printfb.o(i.__0vfprintf$bare) refers to devlib.o(i.fputc) for fputc
    printfb.o(i.__0vprintf$bare) refers to printfb.o(i._printf_core) for _printf_core
    printfb.o(i.__0vprintf$bare) refers to devlib.o(i.fputc) for fputc
    printfb.o(i.__0vprintf$bare) refers to stdout.o(.data) for __stdout
    printfb.o(i.__0vsnprintf$bare) refers to printfb.o(i._printf_core) for _printf_core
    printfb.o(i.__0vsnprintf$bare) refers to printfb.o(i._snputc) for _snputc
    printfb.o(i.__0vsprintf$bare) refers to printfb.o(i._printf_core) for _printf_core
    printfb.o(i.__0vsprintf$bare) refers to printfb.o(i._sputc) for _sputc
    printf0.o(i.__0fprintf$0) refers to printf0.o(i._printf_core) for _printf_core
    printf0.o(i.__0fprintf$0) refers to devlib.o(i.fputc) for fputc
    printf0.o(i.__0printf$0) refers to printf0.o(i._printf_core) for _printf_core
    printf0.o(i.__0printf$0) refers to devlib.o(i.fputc) for fputc
    printf0.o(i.__0printf$0) refers to stdout.o(.data) for __stdout
    printf0.o(i.__0snprintf$0) refers to printf0.o(i._printf_core) for _printf_core
    printf0.o(i.__0snprintf$0) refers to printf0.o(i._snputc) for _snputc
    printf0.o(i.__0sprintf$0) refers to printf0.o(i._printf_core) for _printf_core
    printf0.o(i.__0sprintf$0) refers to printf0.o(i._sputc) for _sputc
    printf0.o(i.__0vfprintf$0) refers to printf0.o(i._printf_core) for _printf_core
    printf0.o(i.__0vfprintf$0) refers to devlib.o(i.fputc) for fputc
    printf0.o(i.__0vprintf$0) refers to printf0.o(i._printf_core) for _printf_core
    printf0.o(i.__0vprintf$0) refers to devlib.o(i.fputc) for fputc
    printf0.o(i.__0vprintf$0) refers to stdout.o(.data) for __stdout
    printf0.o(i.__0vsnprintf$0) refers to printf0.o(i._printf_core) for _printf_core
    printf0.o(i.__0vsnprintf$0) refers to printf0.o(i._snputc) for _snputc
    printf0.o(i.__0vsprintf$0) refers to printf0.o(i._printf_core) for _printf_core
    printf0.o(i.__0vsprintf$0) refers to printf0.o(i._sputc) for _sputc
    printf1.o(i.__0fprintf$1) refers to printf1.o(i._printf_core) for _printf_core
    printf1.o(i.__0fprintf$1) refers to devlib.o(i.fputc) for fputc
    printf1.o(i.__0printf$1) refers to printf1.o(i._printf_core) for _printf_core
    printf1.o(i.__0printf$1) refers to devlib.o(i.fputc) for fputc
    printf1.o(i.__0printf$1) refers to stdout.o(.data) for __stdout
    printf1.o(i.__0snprintf$1) refers to printf1.o(i._printf_core) for _printf_core
    printf1.o(i.__0snprintf$1) refers to printf1.o(i._snputc) for _snputc
    printf1.o(i.__0sprintf$1) refers to printf1.o(i._printf_core) for _printf_core
    printf1.o(i.__0sprintf$1) refers to printf1.o(i._sputc) for _sputc
    printf1.o(i.__0vfprintf$1) refers to printf1.o(i._printf_core) for _printf_core
    printf1.o(i.__0vfprintf$1) refers to devlib.o(i.fputc) for fputc
    printf1.o(i.__0vprintf$1) refers to printf1.o(i._printf_core) for _printf_core
    printf1.o(i.__0vprintf$1) refers to devlib.o(i.fputc) for fputc
    printf1.o(i.__0vprintf$1) refers to stdout.o(.data) for __stdout
    printf1.o(i.__0vsnprintf$1) refers to printf1.o(i._printf_core) for _printf_core
    printf1.o(i.__0vsnprintf$1) refers to printf1.o(i._snputc) for _snputc
    printf1.o(i.__0vsprintf$1) refers to printf1.o(i._printf_core) for _printf_core
    printf1.o(i.__0vsprintf$1) refers to printf1.o(i._sputc) for _sputc
    printf1.o(i._printf_core) refers to uidiv.o(.text) for __aeabi_uidivmod
    printf2.o(i.__0fprintf$2) refers to printf2.o(i._printf_core) for _printf_core
    printf2.o(i.__0fprintf$2) refers to devlib.o(i.fputc) for fputc
    printf2.o(i.__0printf$2) refers to printf2.o(i._printf_core) for _printf_core
    printf2.o(i.__0printf$2) refers to devlib.o(i.fputc) for fputc
    printf2.o(i.__0printf$2) refers to stdout.o(.data) for __stdout
    printf2.o(i.__0snprintf$2) refers to printf2.o(i._printf_core) for _printf_core
    printf2.o(i.__0snprintf$2) refers to printf2.o(i._snputc) for _snputc
    printf2.o(i.__0sprintf$2) refers to printf2.o(i._printf_core) for _printf_core
    printf2.o(i.__0sprintf$2) refers to printf2.o(i._sputc) for _sputc
    printf2.o(i.__0vfprintf$2) refers to printf2.o(i._printf_core) for _printf_core
    printf2.o(i.__0vfprintf$2) refers to devlib.o(i.fputc) for fputc
    printf2.o(i.__0vprintf$2) refers to printf2.o(i._printf_core) for _printf_core
    printf2.o(i.__0vprintf$2) refers to devlib.o(i.fputc) for fputc
    printf2.o(i.__0vprintf$2) refers to stdout.o(.data) for __stdout
    printf2.o(i.__0vsnprintf$2) refers to printf2.o(i._printf_core) for _printf_core
    printf2.o(i.__0vsnprintf$2) refers to printf2.o(i._snputc) for _snputc
    printf2.o(i.__0vsprintf$2) refers to printf2.o(i._printf_core) for _printf_core
    printf2.o(i.__0vsprintf$2) refers to printf2.o(i._sputc) for _sputc
    printf3.o(i.__0fprintf$3) refers to printf3.o(i._printf_core) for _printf_core
    printf3.o(i.__0fprintf$3) refers to devlib.o(i.fputc) for fputc
    printf3.o(i.__0printf$3) refers to printf3.o(i._printf_core) for _printf_core
    printf3.o(i.__0printf$3) refers to devlib.o(i.fputc) for fputc
    printf3.o(i.__0printf$3) refers to stdout.o(.data) for __stdout
    printf3.o(i.__0snprintf$3) refers to printf3.o(i._printf_core) for _printf_core
    printf3.o(i.__0snprintf$3) refers to printf3.o(i._snputc) for _snputc
    printf3.o(i.__0sprintf$3) refers to printf3.o(i._printf_core) for _printf_core
    printf3.o(i.__0sprintf$3) refers to printf3.o(i._sputc) for _sputc
    printf3.o(i.__0vfprintf$3) refers to printf3.o(i._printf_core) for _printf_core
    printf3.o(i.__0vfprintf$3) refers to devlib.o(i.fputc) for fputc
    printf3.o(i.__0vprintf$3) refers to printf3.o(i._printf_core) for _printf_core
    printf3.o(i.__0vprintf$3) refers to devlib.o(i.fputc) for fputc
    printf3.o(i.__0vprintf$3) refers to stdout.o(.data) for __stdout
    printf3.o(i.__0vsnprintf$3) refers to printf3.o(i._printf_core) for _printf_core
    printf3.o(i.__0vsnprintf$3) refers to printf3.o(i._snputc) for _snputc
    printf3.o(i.__0vsprintf$3) refers to printf3.o(i._printf_core) for _printf_core
    printf3.o(i.__0vsprintf$3) refers to printf3.o(i._sputc) for _sputc
    printf3.o(i._printf_core) refers to uidiv.o(.text) for __aeabi_uidivmod
    printf4.o(i.__0fprintf$4) refers to printf4.o(i._printf_core) for _printf_core
    printf4.o(i.__0fprintf$4) refers to devlib.o(i.fputc) for fputc
    printf4.o(i.__0printf$4) refers to printf4.o(i._printf_core) for _printf_core
    printf4.o(i.__0printf$4) refers to devlib.o(i.fputc) for fputc
    printf4.o(i.__0printf$4) refers to stdout.o(.data) for __stdout
    printf4.o(i.__0snprintf$4) refers to printf4.o(i._printf_core) for _printf_core
    printf4.o(i.__0snprintf$4) refers to printf4.o(i._snputc) for _snputc
    printf4.o(i.__0sprintf$4) refers to printf4.o(i._printf_core) for _printf_core
    printf4.o(i.__0sprintf$4) refers to printf4.o(i._sputc) for _sputc
    printf4.o(i.__0vfprintf$4) refers to printf4.o(i._printf_core) for _printf_core
    printf4.o(i.__0vfprintf$4) refers to devlib.o(i.fputc) for fputc
    printf4.o(i.__0vprintf$4) refers to printf4.o(i._printf_core) for _printf_core
    printf4.o(i.__0vprintf$4) refers to devlib.o(i.fputc) for fputc
    printf4.o(i.__0vprintf$4) refers to stdout.o(.data) for __stdout
    printf4.o(i.__0vsnprintf$4) refers to printf4.o(i._printf_core) for _printf_core
    printf4.o(i.__0vsnprintf$4) refers to printf4.o(i._snputc) for _snputc
    printf4.o(i.__0vsprintf$4) refers to printf4.o(i._printf_core) for _printf_core
    printf4.o(i.__0vsprintf$4) refers to printf4.o(i._sputc) for _sputc
    printf4.o(i._printf_core) refers to uldiv.o(.text) for __aeabi_uldivmod
    printf5.o(i.__0fprintf$5) refers to printf5.o(i._printf_core) for _printf_core
    printf5.o(i.__0fprintf$5) refers to devlib.o(i.fputc) for fputc
    printf5.o(i.__0printf$5) refers to printf5.o(i._printf_core) for _printf_core
    printf5.o(i.__0printf$5) refers to devlib.o(i.fputc) for fputc
    printf5.o(i.__0printf$5) refers to stdout.o(.data) for __stdout
    printf5.o(i.__0snprintf$5) refers to printf5.o(i._printf_core) for _printf_core
    printf5.o(i.__0snprintf$5) refers to printf5.o(i._snputc) for _snputc
    printf5.o(i.__0sprintf$5) refers to printf5.o(i._printf_core) for _printf_core
    printf5.o(i.__0sprintf$5) refers to printf5.o(i._sputc) for _sputc
    printf5.o(i.__0vfprintf$5) refers to printf5.o(i._printf_core) for _printf_core
    printf5.o(i.__0vfprintf$5) refers to devlib.o(i.fputc) for fputc
    printf5.o(i.__0vprintf$5) refers to printf5.o(i._printf_core) for _printf_core
    printf5.o(i.__0vprintf$5) refers to devlib.o(i.fputc) for fputc
    printf5.o(i.__0vprintf$5) refers to stdout.o(.data) for __stdout
    printf5.o(i.__0vsnprintf$5) refers to printf5.o(i._printf_core) for _printf_core
    printf5.o(i.__0vsnprintf$5) refers to printf5.o(i._snputc) for _snputc
    printf5.o(i.__0vsprintf$5) refers to printf5.o(i._printf_core) for _printf_core
    printf5.o(i.__0vsprintf$5) refers to printf5.o(i._sputc) for _sputc
    printf5.o(i._printf_core) refers to uldiv.o(.text) for __aeabi_uldivmod
    printf6.o(i.__0fprintf$6) refers to printf6.o(i._printf_core) for _printf_core
    printf6.o(i.__0fprintf$6) refers to devlib.o(i.fputc) for fputc
    printf6.o(i.__0printf$6) refers to printf6.o(i._printf_core) for _printf_core
    printf6.o(i.__0printf$6) refers to devlib.o(i.fputc) for fputc
    printf6.o(i.__0printf$6) refers to stdout.o(.data) for __stdout
    printf6.o(i.__0snprintf$6) refers to printf6.o(i._printf_core) for _printf_core
    printf6.o(i.__0snprintf$6) refers to printf6.o(i._snputc) for _snputc
    printf6.o(i.__0sprintf$6) refers to printf6.o(i._printf_core) for _printf_core
    printf6.o(i.__0sprintf$6) refers to printf6.o(i._sputc) for _sputc
    printf6.o(i.__0vfprintf$6) refers to printf6.o(i._printf_core) for _printf_core
    printf6.o(i.__0vfprintf$6) refers to devlib.o(i.fputc) for fputc
    printf6.o(i.__0vprintf$6) refers to printf6.o(i._printf_core) for _printf_core
    printf6.o(i.__0vprintf$6) refers to devlib.o(i.fputc) for fputc
    printf6.o(i.__0vprintf$6) refers to stdout.o(.data) for __stdout
    printf6.o(i.__0vsnprintf$6) refers to printf6.o(i._printf_core) for _printf_core
    printf6.o(i.__0vsnprintf$6) refers to printf6.o(i._snputc) for _snputc
    printf6.o(i.__0vsprintf$6) refers to printf6.o(i._printf_core) for _printf_core
    printf6.o(i.__0vsprintf$6) refers to printf6.o(i._sputc) for _sputc
    printf6.o(i._printf_core) refers to printf6.o(i._printf_pre_padding) for _printf_pre_padding
    printf6.o(i._printf_core) refers to printf6.o(i._printf_post_padding) for _printf_post_padding
    printf6.o(i._printf_core) refers to uidiv.o(.text) for __aeabi_uidivmod
    printf7.o(i.__0fprintf$7) refers to printf7.o(i._printf_core) for _printf_core
    printf7.o(i.__0fprintf$7) refers to devlib.o(i.fputc) for fputc
    printf7.o(i.__0printf$7) refers to printf7.o(i._printf_core) for _printf_core
    printf7.o(i.__0printf$7) refers to devlib.o(i.fputc) for fputc
    printf7.o(i.__0printf$7) refers to stdout.o(.data) for __stdout
    printf7.o(i.__0snprintf$7) refers to printf7.o(i._printf_core) for _printf_core
    printf7.o(i.__0snprintf$7) refers to printf7.o(i._snputc) for _snputc
    printf7.o(i.__0sprintf$7) refers to printf7.o(i._printf_core) for _printf_core
    printf7.o(i.__0sprintf$7) refers to printf7.o(i._sputc) for _sputc
    printf7.o(i.__0vfprintf$7) refers to printf7.o(i._printf_core) for _printf_core
    printf7.o(i.__0vfprintf$7) refers to devlib.o(i.fputc) for fputc
    printf7.o(i.__0vprintf$7) refers to printf7.o(i._printf_core) for _printf_core
    printf7.o(i.__0vprintf$7) refers to devlib.o(i.fputc) for fputc
    printf7.o(i.__0vprintf$7) refers to stdout.o(.data) for __stdout
    printf7.o(i.__0vsnprintf$7) refers to printf7.o(i._printf_core) for _printf_core
    printf7.o(i.__0vsnprintf$7) refers to printf7.o(i._snputc) for _snputc
    printf7.o(i.__0vsprintf$7) refers to printf7.o(i._printf_core) for _printf_core
    printf7.o(i.__0vsprintf$7) refers to printf7.o(i._sputc) for _sputc
    printf7.o(i._printf_core) refers to printf7.o(i._printf_pre_padding) for _printf_pre_padding
    printf7.o(i._printf_core) refers to printf7.o(i._printf_post_padding) for _printf_post_padding
    printf7.o(i._printf_core) refers to uldiv.o(.text) for __aeabi_uldivmod
    printf8.o(i.__0fprintf$8) refers to printf8.o(i._printf_core) for _printf_core
    printf8.o(i.__0fprintf$8) refers to devlib.o(i.fputc) for fputc
    printf8.o(i.__0printf$8) refers to printf8.o(i._printf_core) for _printf_core
    printf8.o(i.__0printf$8) refers to devlib.o(i.fputc) for fputc
    printf8.o(i.__0printf$8) refers to stdout.o(.data) for __stdout
    printf8.o(i.__0snprintf$8) refers to printf8.o(i._printf_core) for _printf_core
    printf8.o(i.__0snprintf$8) refers to printf8.o(i._snputc) for _snputc
    printf8.o(i.__0sprintf$8) refers to printf8.o(i._printf_core) for _printf_core
    printf8.o(i.__0sprintf$8) refers to printf8.o(i._sputc) for _sputc
    printf8.o(i.__0vfprintf$8) refers to printf8.o(i._printf_core) for _printf_core
    printf8.o(i.__0vfprintf$8) refers to devlib.o(i.fputc) for fputc
    printf8.o(i.__0vprintf$8) refers to printf8.o(i._printf_core) for _printf_core
    printf8.o(i.__0vprintf$8) refers to devlib.o(i.fputc) for fputc
    printf8.o(i.__0vprintf$8) refers to stdout.o(.data) for __stdout
    printf8.o(i.__0vsnprintf$8) refers to printf8.o(i._printf_core) for _printf_core
    printf8.o(i.__0vsnprintf$8) refers to printf8.o(i._snputc) for _snputc
    printf8.o(i.__0vsprintf$8) refers to printf8.o(i._printf_core) for _printf_core
    printf8.o(i.__0vsprintf$8) refers to printf8.o(i._sputc) for _sputc
    printf8.o(i._printf_core) refers to printf8.o(i._printf_pre_padding) for _printf_pre_padding
    printf8.o(i._printf_core) refers to printf8.o(i._printf_post_padding) for _printf_post_padding
    printf8.o(i._printf_core) refers to uldiv.o(.text) for __aeabi_uldivmod
    printfa.o(i.__0fprintf) refers (Special) to iusefp.o(.text) for __I$use$fp
    printfa.o(i.__0fprintf) refers to printfa.o(i._printf_core) for _printf_core
    printfa.o(i.__0fprintf) refers to devlib.o(i.fputc) for fputc
    printfa.o(i.__0printf) refers (Special) to iusefp.o(.text) for __I$use$fp
    printfa.o(i.__0printf) refers to printfa.o(i._printf_core) for _printf_core
    printfa.o(i.__0printf) refers to devlib.o(i.fputc) for fputc
    printfa.o(i.__0printf) refers to stdout.o(.data) for __stdout
    printfa.o(i.__0snprintf) refers (Special) to iusefp.o(.text) for __I$use$fp
    printfa.o(i.__0snprintf) refers to printfa.o(i._printf_core) for _printf_core
    printfa.o(i.__0snprintf) refers to printfa.o(i._snputc) for _snputc
    printfa.o(i.__0sprintf) refers (Special) to iusefp.o(.text) for __I$use$fp
    printfa.o(i.__0sprintf) refers to printfa.o(i._printf_core) for _printf_core
    printfa.o(i.__0sprintf) refers to printfa.o(i._sputc) for _sputc
    printfa.o(i.__0vfprintf) refers (Special) to iusefp.o(.text) for __I$use$fp
    printfa.o(i.__0vfprintf) refers to printfa.o(i._printf_core) for _printf_core
    printfa.o(i.__0vfprintf) refers to devlib.o(i.fputc) for fputc
    printfa.o(i.__0vprintf) refers (Special) to iusefp.o(.text) for __I$use$fp
    printfa.o(i.__0vprintf) refers to printfa.o(i._printf_core) for _printf_core
    printfa.o(i.__0vprintf) refers to devlib.o(i.fputc) for fputc
    printfa.o(i.__0vprintf) refers to stdout.o(.data) for __stdout
    printfa.o(i.__0vsnprintf) refers (Special) to iusefp.o(.text) for __I$use$fp
    printfa.o(i.__0vsnprintf) refers to printfa.o(i._printf_core) for _printf_core
    printfa.o(i.__0vsnprintf) refers to printfa.o(i._snputc) for _snputc
    printfa.o(i.__0vsprintf) refers (Special) to iusefp.o(.text) for __I$use$fp
    printfa.o(i.__0vsprintf) refers to printfa.o(i._printf_core) for _printf_core
    printfa.o(i.__0vsprintf) refers to printfa.o(i._sputc) for _sputc
    printfa.o(i._fp_digits) refers (Special) to iusefp.o(.text) for __I$use$fp
    printfa.o(i._fp_digits) refers to dmul.o(.text) for __aeabi_dmul
    printfa.o(i._fp_digits) refers to ddiv.o(.text) for __aeabi_ddiv
    printfa.o(i._fp_digits) refers to cdrcmple.o(.text) for __aeabi_cdrcmple
    printfa.o(i._fp_digits) refers to dadd.o(.text) for __aeabi_dadd
    printfa.o(i._fp_digits) refers to dfixul.o(.text) for __aeabi_d2ulz
    printfa.o(i._fp_digits) refers to uldiv.o(.text) for __aeabi_uldivmod
    printfa.o(i._printf_core) refers (Special) to iusefp.o(.text) for __I$use$fp
    printfa.o(i._printf_core) refers to printfa.o(i._printf_pre_padding) for _printf_pre_padding
    printfa.o(i._printf_core) refers to uldiv.o(.text) for __aeabi_uldivmod
    printfa.o(i._printf_core) refers to printfa.o(i._printf_post_padding) for _printf_post_padding
    printfa.o(i._printf_core) refers to printfa.o(i._fp_digits) for _fp_digits
    printfa.o(i._printf_core) refers to uidiv.o(.text) for __aeabi_uidivmod
    printfa.o(i._printf_post_padding) refers (Special) to iusefp.o(.text) for __I$use$fp
    printfa.o(i._printf_pre_padding) refers (Special) to iusefp.o(.text) for __I$use$fp
    printfa.o(i._snputc) refers (Special) to iusefp.o(.text) for __I$use$fp
    printfa.o(i._sputc) refers (Special) to iusefp.o(.text) for __I$use$fp
    dflti.o(.text) refers (Special) to iusefp.o(.text) for __I$use$fp
    dflti.o(.text) refers to depilogue.o(.text) for _double_epilogue
    dfixui.o(.text) refers (Special) to iusefp.o(.text) for __I$use$fp
    dfixui.o(.text) refers to llushr.o(.text) for __aeabi_llsr
    entry2.o(.ARM.Collect$$$$00000001) refers to entry2.o(.ARM.Collect$$$$00002712) for __lit__00000000
    entry2.o(.ARM.Collect$$$$00002712) refers to startup_sp49.o(STACK) for __initial_sp
    entry2.o(__vectab_stack_and_reset_area) refers to startup_sp49.o(STACK) for __initial_sp
    entry2.o(__vectab_stack_and_reset_area) refers to entry.o(.ARM.Collect$$$$00000000) for __main
    entry5.o(.ARM.Collect$$$$00000004) refers to init.o(.text) for __scatterload
    entry9a.o(.ARM.Collect$$$$0000000B) refers to main.o(i.main) for main
    entry9b.o(.ARM.Collect$$$$0000000C) refers to main.o(i.main) for main
    uldiv.o(.text) refers to llushr.o(.text) for __aeabi_llsr
    uldiv.o(.text) refers to llshl.o(.text) for __aeabi_llsl
    depilogue.o(.text) refers to depilogue.o(i.__ARM_clz) for __ARM_clz
    depilogue.o(.text) refers to llshl.o(.text) for __aeabi_llsl
    depilogue.o(.text) refers to llushr.o(.text) for __aeabi_llsr
    dadd.o(.text) refers to llshl.o(.text) for __aeabi_llsl
    dadd.o(.text) refers to llsshr.o(.text) for __aeabi_lasr
    dadd.o(.text) refers to depilogue.o(.text) for _double_epilogue
    dmul.o(.text) refers to depilogue.o(.text) for _double_epilogue
    ddiv.o(.text) refers to depilogue.o(.text) for _double_round
    drnd.o(.text) refers to llshl.o(.text) for __aeabi_llsl
    drnd.o(.text) refers to llushr.o(.text) for __aeabi_llsr
    drnd.o(.text) refers to depilogue.o(.text) for _double_round
    dfixul.o(.text) refers to llushr.o(.text) for __aeabi_llsr
    dfixul.o(.text) refers to llshl.o(.text) for __aeabi_llsl
    init.o(.text) refers to entry5.o(.ARM.Collect$$$$00000004) for __main_after_scatterload


==============================================================================

Removing Unused input sections from the image.

    Removing main.o(.rev16_text), (4 bytes).
    Removing main.o(.revsh_text), (4 bytes).
    Removing main.o(i.EarlyRollingMode_GenerateAPSTrial_SendRF), (1120 bytes).
    Removing main.o(i.MeasCompPrint_AIN), (316 bytes).
    Removing devlib.o(.rev16_text), (4 bytes).
    Removing devlib.o(.revsh_text), (4 bytes).
    Removing devlib.o(i.Delay10us), (48 bytes).
    Removing devlib.o(i.Delay1ms), (48 bytes).
    Removing devlib.o(i.Uart_SendDecimalSigned), (104 bytes).
    Removing devlib.o(i.Uart_SendDecimalUnsigned), (92 bytes).
    Removing devlib.o(i.Uart_SendHex16), (160 bytes).
    Removing devlib.o(i.Uart_SendHex8), (96 bytes).
    Removing startup_sp49.o(HEAP), (0 bytes).
    Removing system_sp49.o(.rev16_text), (4 bytes).
    Removing system_sp49.o(.revsh_text), (4 bytes).
    Removing Lib_Adv_APS_Sample.o(Lib_Adv_APS_Sample_), (8 bytes).
    Removing Lib_Meas_Comp_Ain_Voltage.o(Lib_Meas_Comp_Ain_Voltage_), (12 bytes).
    Removing Lib_Serv_Pin_Config.o(Lib_Serv_Pin_Config_), (8 bytes).
    Removing dmul.o(.text), (208 bytes).
    Removing ddiv.o(.text), (240 bytes).
    Removing dfixul.o(.text), (64 bytes).

21 unused section(s) (total 2548 bytes) removed from the image.

==============================================================================

Image Symbol Table

    Local Symbols

    Symbol Name                              Value     Ov Type        Size  Object(Section)

    ../clib/microlib/division.c              0x00000000   Number         0  idiv.o ABSOLUTE
    ../clib/microlib/division.c              0x00000000   Number         0  uldiv.o ABSOLUTE
    ../clib/microlib/division.c              0x00000000   Number         0  uidiv.o ABSOLUTE
    ../clib/microlib/init/entry.s            0x00000000   Number         0  entry10b.o ABSOLUTE
    ../clib/microlib/init/entry.s            0x00000000   Number         0  entry2.o ABSOLUTE
    ../clib/microlib/init/entry.s            0x00000000   Number         0  entry11b.o ABSOLUTE
    ../clib/microlib/init/entry.s            0x00000000   Number         0  entry8a.o ABSOLUTE
    ../clib/microlib/init/entry.s            0x00000000   Number         0  entry11a.o ABSOLUTE
    ../clib/microlib/init/entry.s            0x00000000   Number         0  entry12a.o ABSOLUTE
    ../clib/microlib/init/entry.s            0x00000000   Number         0  entry7b.o ABSOLUTE
    ../clib/microlib/init/entry.s            0x00000000   Number         0  entry10a.o ABSOLUTE
    ../clib/microlib/init/entry.s            0x00000000   Number         0  entry5.o ABSOLUTE
    ../clib/microlib/init/entry.s            0x00000000   Number         0  entry12b.o ABSOLUTE
    ../clib/microlib/init/entry.s            0x00000000   Number         0  entry7a.o ABSOLUTE
    ../clib/microlib/init/entry.s            0x00000000   Number         0  entry9b.o ABSOLUTE
    ../clib/microlib/init/entry.s            0x00000000   Number         0  entry9a.o ABSOLUTE
    ../clib/microlib/init/entry.s            0x00000000   Number         0  entry.o ABSOLUTE
    ../clib/microlib/init/entry.s            0x00000000   Number         0  entry8b.o ABSOLUTE
    ../clib/microlib/longlong.c              0x00000000   Number         0  llsshr.o ABSOLUTE
    ../clib/microlib/longlong.c              0x00000000   Number         0  llshl.o ABSOLUTE
    ../clib/microlib/longlong.c              0x00000000   Number         0  llushr.o ABSOLUTE
    ../clib/microlib/printf/printf.c         0x00000000   Number         0  printf3.o ABSOLUTE
    ../clib/microlib/printf/printf.c         0x00000000   Number         0  printf2.o ABSOLUTE
    ../clib/microlib/printf/printf.c         0x00000000   Number         0  printfb.o ABSOLUTE
    ../clib/microlib/printf/printf.c         0x00000000   Number         0  printf4.o ABSOLUTE
    ../clib/microlib/printf/printf.c         0x00000000   Number         0  printf8.o ABSOLUTE
    ../clib/microlib/printf/printf.c         0x00000000   Number         0  printfa.o ABSOLUTE
    ../clib/microlib/printf/printf.c         0x00000000   Number         0  printf1.o ABSOLUTE
    ../clib/microlib/printf/printf.c         0x00000000   Number         0  printf7.o ABSOLUTE
    ../clib/microlib/printf/printf.c         0x00000000   Number         0  printf6.o ABSOLUTE
    ../clib/microlib/printf/printf.c         0x00000000   Number         0  printf5.o ABSOLUTE
    ../clib/microlib/printf/printf.c         0x00000000   Number         0  printf0.o ABSOLUTE
    ../clib/microlib/printf/stubs.s          0x00000000   Number         0  stubs.o ABSOLUTE
    ../clib/microlib/stdio/streams.c         0x00000000   Number         0  stdout.o ABSOLUTE
    ../clib/microlib/stubs.s                 0x00000000   Number         0  iusefp.o ABSOLUTE
    ../clib/microlib/unhosted.c              0x00000000   Number         0  uwrite4.o ABSOLUTE
    ../fplib/microlib/fpadd.c                0x00000000   Number         0  dadd.o ABSOLUTE
    ../fplib/microlib/fpdiv.c                0x00000000   Number         0  ddiv.o ABSOLUTE
    ../fplib/microlib/fpepilogue.c           0x00000000   Number         0  depilogue.o ABSOLUTE
    ../fplib/microlib/fpfix.c                0x00000000   Number         0  dfixul.o ABSOLUTE
    ../fplib/microlib/fpfix.c                0x00000000   Number         0  dfixui.o ABSOLUTE
    ../fplib/microlib/fpflt.c                0x00000000   Number         0  dflti.o ABSOLUTE
    ../fplib/microlib/fpmul.c                0x00000000   Number         0  dmul.o ABSOLUTE
    ../fplib/microlib/fprnd.c                0x00000000   Number         0  drnd.o ABSOLUTE
    ../mathlib/round.c                       0x00000000   Number         0  round.o ABSOLUTE
    ..\\sources\\Lib_Adv\\Lib_Adv_APS_Sample.asm 0x00000000   Number         0  Lib_Adv_APS_Sample.o ABSOLUTE
    ..\\sources\\Lib_Comp\\Lib_Comp_Acceleration.asm 0x00000000   Number         0  Lib_Comp_Acceleration.o ABSOLUTE
    ..\\sources\\Lib_Comp\\Lib_Comp_Auto_Acc_Offset.asm 0x00000000   Number         0  Lib_Comp_Auto_Acc_Offset.o ABSOLUTE
    ..\\sources\\Lib_Comp\\Lib_Comp_Pressure.asm 0x00000000   Number         0  Lib_Comp_Pressure.o ABSOLUTE
    ..\\sources\\Lib_Diag\\Lib_Diag_RC_Osc_Chk.asm 0x00000000   Number         0  Lib_Diag_RC_Osc_Chk.o ABSOLUTE
    ..\\sources\\Lib_Meas\\Lib_Meas_Comp_Ain_Voltage.asm 0x00000000   Number         0  Lib_Meas_Comp_Ain_Voltage.o ABSOLUTE
    ..\\sources\\Lib_Meas\\Lib_Meas_Comp_SupplyV.asm 0x00000000   Number         0  Lib_Meas_Comp_SupplyV.o ABSOLUTE
    ..\\sources\\Lib_Meas\\Lib_Meas_Comp_Temp.asm 0x00000000   Number         0  Lib_Meas_Comp_Temp.o ABSOLUTE
    ..\\sources\\Lib_Meas\\Lib_Meas_Raw_Acceleration.asm 0x00000000   Number         0  Lib_Meas_Raw_Acceleration.o ABSOLUTE
    ..\\sources\\Lib_Meas\\Lib_Meas_Raw_Pressure.asm 0x00000000   Number         0  Lib_Meas_Raw_Pressure.o ABSOLUTE
    ..\\sources\\Lib_Serv\\Lib_Serv_Pin_Config.asm 0x00000000   Number         0  Lib_Serv_Pin_Config.o ABSOLUTE
    ..\\sources\\Lib_Serv\\Lib_Serv_Start_Xtal_Osc.asm 0x00000000   Number         0  Lib_Serv_Start_Xtal_Osc.o ABSOLUTE
    ..\\sources\\Lib_Serv\\Lib_Serv_Stop_Xtal_Osc.asm 0x00000000   Number         0  Lib_Serv_Stop_Xtal_Osc.o ABSOLUTE
    ..\\sources\\Lib_State\\Lib_State_Low_Power.asm 0x00000000   Number         0  Lib_State_Low_Power.o ABSOLUTE
    Common.c                                 0x00000000   Number         0  common.o ABSOLUTE
    DevLib.c                                 0x00000000   Number         0  devlib.o ABSOLUTE
    DevLib.c                                 0x00000000   Number         0  devlib.o ABSOLUTE
    Hamming.c                                0x00000000   Number         0  hamming.o ABSOLUTE
    RTE\Device\SP49_B21\startup_SP49.s       0x00000000   Number         0  startup_sp49.o ABSOLUTE
    RTE\Device\SP49_B21\system_SP49.c        0x00000000   Number         0  system_sp49.o ABSOLUTE
    RTE\\Device\\SP49_B21\\system_SP49.c     0x00000000   Number         0  system_sp49.o ABSOLUTE
    cdcmple.s                                0x00000000   Number         0  cdcmple.o ABSOLUTE
    cdrcmple.s                               0x00000000   Number         0  cdrcmple.o ABSOLUTE
    dc.s                                     0x00000000   Number         0  dc.o ABSOLUTE
    handlers.s                               0x00000000   Number         0  handlers.o ABSOLUTE
    init.s                                   0x00000000   Number         0  init.o ABSOLUTE
    main.c                                   0x00000000   Number         0  main.o ABSOLUTE
    main.c                                   0x00000000   Number         0  main.o ABSOLUTE
    FLASH_CONFIG                             0x10000800   Section       32  system_sp49.o(FLASH_CONFIG)
    __tagsym$$used                           0x10000800   Number         0  system_sp49.o(FLASH_CONFIG)
    RESET                                    0x10000820   Section        8  startup_sp49.o(RESET)
    .ARM.Collect$$$$00000000                 0x10000828   Section        0  entry.o(.ARM.Collect$$$$00000000)
    .ARM.Collect$$$$00000001                 0x10000828   Section        4  entry2.o(.ARM.Collect$$$$00000001)
    .ARM.Collect$$$$00000004                 0x1000082c   Section        4  entry5.o(.ARM.Collect$$$$00000004)
    .ARM.Collect$$$$00000008                 0x10000830   Section        0  entry7b.o(.ARM.Collect$$$$00000008)
    .ARM.Collect$$$$0000000A                 0x10000830   Section        0  entry8b.o(.ARM.Collect$$$$0000000A)
    .ARM.Collect$$$$0000000B                 0x10000830   Section        8  entry9a.o(.ARM.Collect$$$$0000000B)
    .ARM.Collect$$$$0000000E                 0x10000838   Section        4  entry12b.o(.ARM.Collect$$$$0000000E)
    .ARM.Collect$$$$0000000F                 0x1000083c   Section        0  entry10a.o(.ARM.Collect$$$$0000000F)
    .ARM.Collect$$$$00000011                 0x1000083c   Section        0  entry11a.o(.ARM.Collect$$$$00000011)
    .ARM.Collect$$$$00002712                 0x1000083c   Section        4  entry2.o(.ARM.Collect$$$$00002712)
    __lit__00000000                          0x1000083c   Data           4  entry2.o(.ARM.Collect$$$$00002712)
    .text                                    0x10000840   Section       36  init.o(.text)
    i.__scatterload_copy                     0x10000864   Section       14  handlers.o(i.__scatterload_copy)
    i.__scatterload_null                     0x10000872   Section        2  handlers.o(i.__scatterload_null)
    i.__scatterload_zeroinit                 0x10000874   Section       14  handlers.o(i.__scatterload_zeroinit)
    UCS1_CRCLB                               0x100017fc   Section        4  system_sp49.o(UCS1_CRCLB)
    __tagsym$$used                           0x100017fc   Number         0  system_sp49.o(UCS1_CRCLB)
    .text                                    0x10001800   Section        0  uidiv.o(.text)
    .text                                    0x1000182c   Section        0  idiv.o(.text)
    .text                                    0x10001854   Section        0  uwrite4.o(.text)
    .text                                    0x10001868   Section        0  dflti.o(.text)
    .text                                    0x10001890   Section        0  dfixui.o(.text)
    .text                                    0x100018cc   Section        0  uldiv.o(.text)
    .text                                    0x1000192c   Section        0  llushr.o(.text)
    .text                                    0x1000194e   Section        0  iusefp.o(.text)
    .text                                    0x1000194e   Section        0  depilogue.o(.text)
    .text                                    0x10001a0c   Section        0  dadd.o(.text)
    .text                                    0x10001b74   Section        0  drnd.o(.text)
    .text                                    0x10001bf0   Section       40  cdcmple.o(.text)
    .text                                    0x10001c18   Section       40  cdrcmple.o(.text)
    .text                                    0x10001c40   Section        0  llshl.o(.text)
    .text                                    0x10001c60   Section        0  llsshr.o(.text)
    Lib_Comp_Acceleration_                   0x10001c88   Section        8  Lib_Comp_Acceleration.o(Lib_Comp_Acceleration_)
    Lib_Comp_Auto_Acc_Offset_                0x10001c90   Section        8  Lib_Comp_Auto_Acc_Offset.o(Lib_Comp_Auto_Acc_Offset_)
    Lib_Comp_Pressure_                       0x10001c98   Section        8  Lib_Comp_Pressure.o(Lib_Comp_Pressure_)
    Lib_Diag_RC_Osc_Chk_                     0x10001ca0   Section       12  Lib_Diag_RC_Osc_Chk.o(Lib_Diag_RC_Osc_Chk_)
    Lib_Meas_Comp_SupplyV_                   0x10001cac   Section        8  Lib_Meas_Comp_SupplyV.o(Lib_Meas_Comp_SupplyV_)
    Lib_Meas_Comp_Temp_                      0x10001cb4   Section        8  Lib_Meas_Comp_Temp.o(Lib_Meas_Comp_Temp_)
    Lib_Meas_Raw_Acceleration_               0x10001cbc   Section        8  Lib_Meas_Raw_Acceleration.o(Lib_Meas_Raw_Acceleration_)
    Lib_Meas_Raw_Pressure_                   0x10001cc4   Section        8  Lib_Meas_Raw_Pressure.o(Lib_Meas_Raw_Pressure_)
    Lib_Serv_Start_Xtal_Osc_                 0x10001ccc   Section        8  Lib_Serv_Start_Xtal_Osc.o(Lib_Serv_Start_Xtal_Osc_)
    Lib_Serv_Stop_Xtal_Osc_                  0x10001cd4   Section        8  Lib_Serv_Stop_Xtal_Osc.o(Lib_Serv_Stop_Xtal_Osc_)
    Lib_State_Low_Power_                     0x10001cdc   Section        8  Lib_State_Low_Power.o(Lib_State_Low_Power_)
    i.ErrorHandling                          0x10001ce4   Section        0  main.o(i.ErrorHandling)
    i.MeasCompPrint_Acceleration             0x10001ce8   Section        0  main.o(i.MeasCompPrint_Acceleration)
    i.MeasCompPrint_Pressure                 0x10001edc   Section        0  main.o(i.MeasCompPrint_Pressure)
    i.MeasCompPrint_SupplyVoltage            0x10002018   Section        0  main.o(i.MeasCompPrint_SupplyVoltage)
    i.MeasCompPrint_Temperature              0x10002114   Section        0  main.o(i.MeasCompPrint_Temperature)
    i.Uart_Baudrate_Calib                    0x100021f0   Section        0  devlib.o(i.Uart_Baudrate_Calib)
    i.Uart_Init                              0x10002374   Section        0  devlib.o(i.Uart_Init)
    i.Uart_Putchar                           0x10002478   Section        0  devlib.o(i.Uart_Putchar)
    i.Uart_SendHex32                         0x1000256c   Section        0  devlib.o(i.Uart_SendHex32)
    i.Uart_SendString                        0x1000268c   Section        0  devlib.o(i.Uart_SendString)
    i.__0printf$8                            0x100026b0   Section        0  printf8.o(i.__0printf$8)
    i.__ARM_clz                              0x100026d0   Section        0  depilogue.o(i.__ARM_clz)
    i.__ARM_common_switch8                   0x100026fe   Section        0  hamming.o(i.__ARM_common_switch8)
    i._printf_core                           0x1000271c   Section        0  printf8.o(i._printf_core)
    _printf_core                             0x1000271d   Thumb Code  1020  printf8.o(i._printf_core)
    i._printf_post_padding                   0x10002b44   Section        0  printf8.o(i._printf_post_padding)
    _printf_post_padding                     0x10002b45   Thumb Code    32  printf8.o(i._printf_post_padding)
    i._printf_pre_padding                    0x10002b64   Section        0  printf8.o(i._printf_pre_padding)
    _printf_pre_padding                      0x10002b65   Thumb Code    44  printf8.o(i._printf_pre_padding)
    i.fputc                                  0x10002b90   Section        0  devlib.o(i.fputc)
    i.hamming_8_4_array_dec                  0x10002b94   Section        0  hamming.o(i.hamming_8_4_array_dec)
    i.hamming_8_4_array_enc                  0x10002c06   Section        0  hamming.o(i.hamming_8_4_array_enc)
    i.hamming_8_4_dec                        0x10002c50   Section        0  hamming.o(i.hamming_8_4_dec)
    i.hamming_8_4_enc                        0x10002cea   Section        0  hamming.o(i.hamming_8_4_enc)
    i.inter_byte_xor                         0x10002d54   Section        0  hamming.o(i.inter_byte_xor)
    i.main                                   0x10002d6c   Section        0  main.o(i.main)
    i.round                                  0x100031dc   Section        0  round.o(i.round)
    i.swapBytes                              0x10003278   Section        0  common.o(i.swapBytes)
    CODE_CRCLB                               0x100053fc   Section        4  system_sp49.o(CODE_CRCLB)
    __tagsym$$used                           0x100053fc   Number         0  system_sp49.o(CODE_CRCLB)
    STACK                                    0x20000000   Section      512  startup_sp49.o(STACK)
    .data                                    0x20000200   Section       16  main.o(.data)
    .data                                    0x20000210   Section        5  devlib.o(.data)
    Uart_Config_Loc                          0x20000210   Data           1  devlib.o(.data)
    Uart_BRTimer_ReloadValue_Loc             0x20000211   Data           1  devlib.o(.data)
    Uart_TimeoutTimer_ReloadValue_Loc        0x20000212   Data           2  devlib.o(.data)
    Uart_BaudrateSel_Option_Loc              0x20000214   Data           1  devlib.o(.data)
    .data                                    0x20000218   Section        4  stdout.o(.data)

    Global Symbols

    Symbol Name                              Value     Ov Type        Size  Object(Section)

    BuildAttributes$$THM_ISAv3M$S$PE$A:L22$X:L11$S22$IEEE1$IW$USESV6$~STKCKD$USESV7$~SHL$OTIME$ROPI$IEEEJ$EBA8$MICROLIB$REQ8$EABIv2 0x00000000   Number         0  anon$$obj.o ABSOLUTE
    __ARM_use_no_argv                        0x00000000   Number         0  main.o ABSOLUTE
    _printf_a                                0x00000000   Number         0  stubs.o ABSOLUTE
    _printf_c                                0x00000000   Number         0  stubs.o ABSOLUTE
    _printf_charcount                        0x00000000   Number         0  stubs.o ABSOLUTE
    _printf_d                                0x00000000   Number         0  stubs.o ABSOLUTE
    _printf_e                                0x00000000   Number         0  stubs.o ABSOLUTE
    _printf_f                                0x00000000   Number         0  stubs.o ABSOLUTE
    _printf_flags                            0x00000000   Number         0  stubs.o ABSOLUTE
    _printf_fp_dec                           0x00000000   Number         0  stubs.o ABSOLUTE
    _printf_fp_hex                           0x00000000   Number         0  stubs.o ABSOLUTE
    _printf_g                                0x00000000   Number         0  stubs.o ABSOLUTE
    _printf_i                                0x00000000   Number         0  stubs.o ABSOLUTE
    _printf_int_dec                          0x00000000   Number         0  stubs.o ABSOLUTE
    _printf_l                                0x00000000   Number         0  stubs.o ABSOLUTE
    _printf_lc                               0x00000000   Number         0  stubs.o ABSOLUTE
    _printf_ll                               0x00000000   Number         0  stubs.o ABSOLUTE
    _printf_lld                              0x00000000   Number         0  stubs.o ABSOLUTE
    _printf_lli                              0x00000000   Number         0  stubs.o ABSOLUTE
    _printf_llo                              0x00000000   Number         0  stubs.o ABSOLUTE
    _printf_llu                              0x00000000   Number         0  stubs.o ABSOLUTE
    _printf_llx                              0x00000000   Number         0  stubs.o ABSOLUTE
    _printf_longlong_dec                     0x00000000   Number         0  stubs.o ABSOLUTE
    _printf_longlong_hex                     0x00000000   Number         0  stubs.o ABSOLUTE
    _printf_longlong_oct                     0x00000000   Number         0  stubs.o ABSOLUTE
    _printf_ls                               0x00000000   Number         0  stubs.o ABSOLUTE
    _printf_mbtowc                           0x00000000   Number         0  stubs.o ABSOLUTE
    _printf_n                                0x00000000   Number         0  stubs.o ABSOLUTE
    _printf_o                                0x00000000   Number         0  stubs.o ABSOLUTE
    _printf_p                                0x00000000   Number         0  stubs.o ABSOLUTE
    _printf_percent                          0x00000000   Number         0  stubs.o ABSOLUTE
    _printf_pre_padding                      0x00000000   Number         0  stubs.o ABSOLUTE
    _printf_return_value                     0x00000000   Number         0  stubs.o ABSOLUTE
    _printf_s                                0x00000000   Number         0  stubs.o ABSOLUTE
    _printf_sizespec                         0x00000000   Number         0  stubs.o ABSOLUTE
    _printf_str                              0x00000000   Number         0  stubs.o ABSOLUTE
    _printf_truncate_signed                  0x00000000   Number         0  stubs.o ABSOLUTE
    _printf_truncate_unsigned                0x00000000   Number         0  stubs.o ABSOLUTE
    _printf_u                                0x00000000   Number         0  stubs.o ABSOLUTE
    _printf_wc                               0x00000000   Number         0  stubs.o ABSOLUTE
    _printf_wctomb                           0x00000000   Number         0  stubs.o ABSOLUTE
    _printf_widthprec                        0x00000000   Number         0  stubs.o ABSOLUTE
    _printf_x                                0x00000000   Number         0  stubs.o ABSOLUTE
    __arm_fini_                               - Undefined Weak Reference
    __cpp_initialize__aeabi_                  - Undefined Weak Reference
    __cxa_finalize                            - Undefined Weak Reference
    __decompress                              - Undefined Weak Reference
    _clock_init                               - Undefined Weak Reference
    _microlib_exit                            - Undefined Weak Reference
    CurrentConfiguration                     0x10000800   Data          32  system_sp49.o(FLASH_CONFIG)
    __main                                   0x10000829   Thumb Code     0  entry.o(.ARM.Collect$$$$00000000)
    _main_stk                                0x10000829   Thumb Code     0  entry2.o(.ARM.Collect$$$$00000001)
    _main_scatterload                        0x1000082d   Thumb Code     0  entry5.o(.ARM.Collect$$$$00000004)
    __main_after_scatterload                 0x10000831   Thumb Code     0  entry5.o(.ARM.Collect$$$$00000004)
    _main_clock                              0x10000831   Thumb Code     0  entry7b.o(.ARM.Collect$$$$00000008)
    _main_cpp_init                           0x10000831   Thumb Code     0  entry8b.o(.ARM.Collect$$$$0000000A)
    _main_init                               0x10000831   Thumb Code     0  entry9a.o(.ARM.Collect$$$$0000000B)
    __rt_lib_shutdown_fini                   0x10000839   Thumb Code     0  entry12b.o(.ARM.Collect$$$$0000000E)
    __rt_final_cpp                           0x1000083d   Thumb Code     0  entry10a.o(.ARM.Collect$$$$0000000F)
    __rt_final_exit                          0x1000083d   Thumb Code     0  entry11a.o(.ARM.Collect$$$$00000011)
    __scatterload                            0x10000841   Thumb Code    28  init.o(.text)
    __scatterload_rt2                        0x10000841   Thumb Code     0  init.o(.text)
    __scatterload_copy                       0x10000865   Thumb Code    14  handlers.o(i.__scatterload_copy)
    __scatterload_null                       0x10000873   Thumb Code     2  handlers.o(i.__scatterload_null)
    __scatterload_zeroinit                   0x10000875   Thumb Code    14  handlers.o(i.__scatterload_zeroinit)
    Region$$Table$$Base                      0x10000884   Number         0  anon$$obj.o(Region$$Table)
    Region$$Table$$Limit                     0x10000894   Number         0  anon$$obj.o(Region$$Table)
    CRCLockbyteUCS1                          0x100017fc   Data           4  system_sp49.o(UCS1_CRCLB)
    __aeabi_uidiv                            0x10001801   Thumb Code     0  uidiv.o(.text)
    __aeabi_uidivmod                         0x10001801   Thumb Code    44  uidiv.o(.text)
    __aeabi_idiv                             0x1000182d   Thumb Code     0  idiv.o(.text)
    __aeabi_idivmod                          0x1000182d   Thumb Code    40  idiv.o(.text)
    __aeabi_uwrite4                          0x10001855   Thumb Code    18  uwrite4.o(.text)
    __rt_uwrite4                             0x10001855   Thumb Code     0  uwrite4.o(.text)
    _uwrite4                                 0x10001855   Thumb Code     0  uwrite4.o(.text)
    __aeabi_i2d                              0x10001869   Thumb Code    34  dflti.o(.text)
    __aeabi_d2uiz                            0x10001891   Thumb Code    50  dfixui.o(.text)
    __aeabi_uldivmod                         0x100018cd   Thumb Code    96  uldiv.o(.text)
    __aeabi_llsr                             0x1000192d   Thumb Code    34  llushr.o(.text)
    _ll_ushift_r                             0x1000192d   Thumb Code     0  llushr.o(.text)
    __I$use$fp                               0x1000194f   Thumb Code     0  iusefp.o(.text)
    _double_round                            0x1000194f   Thumb Code    26  depilogue.o(.text)
    _double_epilogue                         0x10001969   Thumb Code   164  depilogue.o(.text)
    __aeabi_dadd                             0x10001a0d   Thumb Code   330  dadd.o(.text)
    __aeabi_dsub                             0x10001b57   Thumb Code    12  dadd.o(.text)
    __aeabi_drsub                            0x10001b63   Thumb Code    12  dadd.o(.text)
    _drnd                                    0x10001b75   Thumb Code   114  drnd.o(.text)
    __aeabi_cdcmpeq                          0x10001bf1   Thumb Code     0  cdcmple.o(.text)
    __aeabi_cdcmple                          0x10001bf1   Thumb Code    38  cdcmple.o(.text)
    __aeabi_cdrcmple                         0x10001c19   Thumb Code    38  cdrcmple.o(.text)
    __aeabi_llsl                             0x10001c41   Thumb Code    32  llshl.o(.text)
    _ll_shift_l                              0x10001c41   Thumb Code     0  llshl.o(.text)
    __aeabi_lasr                             0x10001c61   Thumb Code    38  llsshr.o(.text)
    _ll_sshift_r                             0x10001c61   Thumb Code     0  llsshr.o(.text)
    Lib_Comp_Acceleration                    0x10001c89   Thumb Code     8  Lib_Comp_Acceleration.o(Lib_Comp_Acceleration_)
    Lib_Comp_Auto_Acc_Offset                 0x10001c91   Thumb Code     8  Lib_Comp_Auto_Acc_Offset.o(Lib_Comp_Auto_Acc_Offset_)
    Lib_Comp_Pressure                        0x10001c99   Thumb Code     8  Lib_Comp_Pressure.o(Lib_Comp_Pressure_)
    Lib_Diag_RC_Osc_Chk                      0x10001ca1   Thumb Code     8  Lib_Diag_RC_Osc_Chk.o(Lib_Diag_RC_Osc_Chk_)
    Lib_Meas_Comp_SupplyV                    0x10001cad   Thumb Code     8  Lib_Meas_Comp_SupplyV.o(Lib_Meas_Comp_SupplyV_)
    Lib_Meas_Comp_Temp                       0x10001cb5   Thumb Code     8  Lib_Meas_Comp_Temp.o(Lib_Meas_Comp_Temp_)
    Lib_Meas_Raw_Acceleration                0x10001cbd   Thumb Code     8  Lib_Meas_Raw_Acceleration.o(Lib_Meas_Raw_Acceleration_)
    Lib_Meas_Raw_Pressure                    0x10001cc5   Thumb Code     8  Lib_Meas_Raw_Pressure.o(Lib_Meas_Raw_Pressure_)
    Lib_Serv_Start_Xtal_Osc                  0x10001ccd   Thumb Code     8  Lib_Serv_Start_Xtal_Osc.o(Lib_Serv_Start_Xtal_Osc_)
    Lib_Serv_Stop_Xtal_Osc                   0x10001cd5   Thumb Code     8  Lib_Serv_Stop_Xtal_Osc.o(Lib_Serv_Stop_Xtal_Osc_)
    Lib_State_Low_Power                      0x10001cdd   Thumb Code     8  Lib_State_Low_Power.o(Lib_State_Low_Power_)
    ErrorHandling                            0x10001ce5   Thumb Code     2  main.o(i.ErrorHandling)
    MeasCompPrint_Acceleration               0x10001ce9   Thumb Code   222  main.o(i.MeasCompPrint_Acceleration)
    MeasCompPrint_Pressure                   0x10001edd   Thumb Code   162  main.o(i.MeasCompPrint_Pressure)
    MeasCompPrint_SupplyVoltage              0x10002019   Thumb Code   140  main.o(i.MeasCompPrint_SupplyVoltage)
    MeasCompPrint_Temperature                0x10002115   Thumb Code   104  main.o(i.MeasCompPrint_Temperature)
    Uart_Baudrate_Calib                      0x100021f1   Thumb Code   352  devlib.o(i.Uart_Baudrate_Calib)
    Uart_Init                                0x10002375   Thumb Code   234  devlib.o(i.Uart_Init)
    Uart_Putchar                             0x10002479   Thumb Code   224  devlib.o(i.Uart_Putchar)
    Uart_SendHex32                           0x1000256d   Thumb Code   282  devlib.o(i.Uart_SendHex32)
    Uart_SendString                          0x1000268d   Thumb Code    36  devlib.o(i.Uart_SendString)
    __0printf$8                              0x100026b1   Thumb Code    24  printf8.o(i.__0printf$8)
    __1printf$8                              0x100026b1   Thumb Code     0  printf8.o(i.__0printf$8)
    __2printf                                0x100026b1   Thumb Code     0  printf8.o(i.__0printf$8)
    __ARM_clz                                0x100026d1   Thumb Code    46  depilogue.o(i.__ARM_clz)
    __ARM_common_switch8                     0x100026ff   Thumb Code    28  hamming.o(i.__ARM_common_switch8)
    fputc                                    0x10002b91   Thumb Code     4  devlib.o(i.fputc)
    hamming_8_4_array_dec                    0x10002b95   Thumb Code   114  hamming.o(i.hamming_8_4_array_dec)
    hamming_8_4_array_enc                    0x10002c07   Thumb Code    74  hamming.o(i.hamming_8_4_array_enc)
    hamming_8_4_dec                          0x10002c51   Thumb Code   154  hamming.o(i.hamming_8_4_dec)
    hamming_8_4_enc                          0x10002ceb   Thumb Code   106  hamming.o(i.hamming_8_4_enc)
    inter_byte_xor                           0x10002d55   Thumb Code    24  hamming.o(i.inter_byte_xor)
    main                                     0x10002d6d   Thumb Code  1134  main.o(i.main)
    round                                    0x100031dd   Thumb Code   142  round.o(i.round)
    swapBytes                                0x10003279   Thumb Code    42  common.o(i.swapBytes)
    CRCLockbyteCode                          0x100053fc   Data           4  system_sp49.o(CODE_CRCLB)
    APS_ExtrapolationAngle                   0x20000200   Data           2  main.o(.data)
    __initial_sp                             0x20000200   Data           0  startup_sp49.o(STACK)
    frame_cnt                                0x20000204   Data           4  main.o(.data)
    triggered_wakeup_mask                    0x20000208   Data           4  main.o(.data)
    triggered_wakeup                         0x2000020c   Data           4  main.o(.data)
    __stdout                                 0x20000218   Data           4  stdout.o(.data)



==============================================================================

Memory Map of the image

  Image Entry point : 0x10000829

  Load Region LR_FLASH_CONFIG (Base: 0x10000800, Size: 0x00000020, Max: 0x00000020, ABSOLUTE)

    Execution Region FLASH_CONFIG_LINE (Exec base: 0x10000800, Load base: 0x10000800, Size: 0x00000020, Max: 0x00000020, ABSOLUTE)

    Exec Addr    Load Addr    Size         Type   Attr      Idx    E Section Name        Object

    0x10000800   0x10000800   0x00000020   Data   RO          320    FLASH_CONFIG        system_sp49.o



  Load Region LR_FLASH_BOOT (Base: 0x10000820, Size: 0x00000074, Max: 0x00000be0, ABSOLUTE)

    Execution Region FLASH_BOOT (Exec base: 0x10000820, Load base: 0x10000820, Size: 0x00000074, Max: 0x00000be0, ABSOLUTE)

    Exec Addr    Load Addr    Size         Type   Attr      Idx    E Section Name        Object

    0x10000820   0x10000820   0x00000008   Code   RO          314    RESET               startup_sp49.o
    0x10000828   0x10000828   0x00000000   Code   RO          397  * .ARM.Collect$$$$00000000  mc_p.l(entry.o)
    0x10000828   0x10000828   0x00000004   Code   RO          671    .ARM.Collect$$$$00000001  mc_p.l(entry2.o)
    0x1000082c   0x1000082c   0x00000004   Code   RO          674    .ARM.Collect$$$$00000004  mc_p.l(entry5.o)
    0x10000830   0x10000830   0x00000000   Code   RO          676    .ARM.Collect$$$$00000008  mc_p.l(entry7b.o)
    0x10000830   0x10000830   0x00000000   Code   RO          678    .ARM.Collect$$$$0000000A  mc_p.l(entry8b.o)
    0x10000830   0x10000830   0x00000008   Code   RO          679    .ARM.Collect$$$$0000000B  mc_p.l(entry9a.o)
    0x10000838   0x10000838   0x00000004   Code   RO          686    .ARM.Collect$$$$0000000E  mc_p.l(entry12b.o)
    0x1000083c   0x1000083c   0x00000000   Code   RO          681    .ARM.Collect$$$$0000000F  mc_p.l(entry10a.o)
    0x1000083c   0x1000083c   0x00000000   Code   RO          683    .ARM.Collect$$$$00000011  mc_p.l(entry11a.o)
    0x1000083c   0x1000083c   0x00000004   Code   RO          672    .ARM.Collect$$$$00002712  mc_p.l(entry2.o)
    0x10000840   0x10000840   0x00000024   Code   RO          711    .text               mc_p.l(init.o)
    0x10000864   0x10000864   0x0000000e   Code   RO          719    i.__scatterload_copy  mc_p.l(handlers.o)
    0x10000872   0x10000872   0x00000002   Code   RO          720    i.__scatterload_null  mc_p.l(handlers.o)
    0x10000874   0x10000874   0x0000000e   Code   RO          721    i.__scatterload_zeroinit  mc_p.l(handlers.o)
    0x10000882   0x10000882   0x00000002   PAD
    0x10000884   0x10000884   0x00000010   Data   RO          717    Region$$Table       anon$$obj.o



  Load Region LR_FLASH_UCS1 (Base: 0x10001400, Size: 0x00000000, Max: 0x000003fc, ABSOLUTE)

    Execution Region FLASH_UCS1 (Exec base: 0x10001400, Load base: 0x10001400, Size: 0x00000000, Max: 0x000003fc, ABSOLUTE)

    **** No section assigned to this execution region ****



  Load Region LR_FLASH_UCS1_CRCLOCKBYTE (Base: 0x100017fc, Size: 0x00000004, Max: 0x00000004, ABSOLUTE)

    Execution Region FLASH_UCS1_CRCLOCKBYTE (Exec base: 0x100017fc, Load base: 0x100017fc, Size: 0x00000004, Max: 0x00000004, ABSOLUTE)

    Exec Addr    Load Addr    Size         Type   Attr      Idx    E Section Name        Object

    0x100017fc   0x100017fc   0x00000004   Data   RW          321    UCS1_CRCLB          system_sp49.o



  Load Region LR_FLASH_CODE (Base: 0x10001800, Size: 0x00001ac0, Max: 0x00003bfc, ABSOLUTE)

    Execution Region FLASH_CODE (Exec base: 0x10001800, Load base: 0x10001800, Size: 0x00001aa4, Max: 0x00003bfc, ABSOLUTE)

    Exec Addr    Load Addr    Size         Type   Attr      Idx    E Section Name        Object

    0x10001800   0x10001800   0x0000002c   Code   RO          400    .text               mc_p.l(uidiv.o)
    0x1000182c   0x1000182c   0x00000028   Code   RO          402    .text               mc_p.l(idiv.o)
    0x10001854   0x10001854   0x00000012   Code   RO          665    .text               mc_p.l(uwrite4.o)
    0x10001866   0x10001866   0x00000002   PAD
    0x10001868   0x10001868   0x00000028   Code   RO          667    .text               mf_p.l(dflti.o)
    0x10001890   0x10001890   0x0000003c   Code   RO          669    .text               mf_p.l(dfixui.o)
    0x100018cc   0x100018cc   0x00000060   Code   RO          688    .text               mc_p.l(uldiv.o)
    0x1000192c   0x1000192c   0x00000022   Code   RO          690    .text               mc_p.l(llushr.o)
    0x1000194e   0x1000194e   0x00000000   Code   RO          692    .text               mc_p.l(iusefp.o)
    0x1000194e   0x1000194e   0x000000be   Code   RO          693    .text               mf_p.l(depilogue.o)
    0x10001a0c   0x10001a0c   0x00000168   Code   RO          697    .text               mf_p.l(dadd.o)
    0x10001b74   0x10001b74   0x0000007c   Code   RO          703    .text               mf_p.l(drnd.o)
    0x10001bf0   0x10001bf0   0x00000028   Code   RO          707    .text               mf_p.l(cdcmple.o)
    0x10001c18   0x10001c18   0x00000028   Code   RO          709    .text               mf_p.l(cdrcmple.o)
    0x10001c40   0x10001c40   0x00000020   Code   RO          713    .text               mc_p.l(llshl.o)
    0x10001c60   0x10001c60   0x00000026   Code   RO          715    .text               mc_p.l(llsshr.o)
    0x10001c86   0x10001c86   0x00000002   PAD
    0x10001c88   0x10001c88   0x00000008   Code   RO          343    Lib_Comp_Acceleration_  SP49_Library.lib(Lib_Comp_Acceleration.o)
    0x10001c90   0x10001c90   0x00000008   Code   RO          347    Lib_Comp_Auto_Acc_Offset_  SP49_Library.lib(Lib_Comp_Auto_Acc_Offset.o)
    0x10001c98   0x10001c98   0x00000008   Code   RO          351    Lib_Comp_Pressure_  SP49_Library.lib(Lib_Comp_Pressure.o)
    0x10001ca0   0x10001ca0   0x0000000c   Code   RO          355    Lib_Diag_RC_Osc_Chk_  SP49_Library.lib(Lib_Diag_RC_Osc_Chk.o)
    0x10001cac   0x10001cac   0x00000008   Code   RO          363    Lib_Meas_Comp_SupplyV_  SP49_Library.lib(Lib_Meas_Comp_SupplyV.o)
    0x10001cb4   0x10001cb4   0x00000008   Code   RO          367    Lib_Meas_Comp_Temp_  SP49_Library.lib(Lib_Meas_Comp_Temp.o)
    0x10001cbc   0x10001cbc   0x00000008   Code   RO          371    Lib_Meas_Raw_Acceleration_  SP49_Library.lib(Lib_Meas_Raw_Acceleration.o)
    0x10001cc4   0x10001cc4   0x00000008   Code   RO          375    Lib_Meas_Raw_Pressure_  SP49_Library.lib(Lib_Meas_Raw_Pressure.o)
    0x10001ccc   0x10001ccc   0x00000008   Code   RO          383    Lib_Serv_Start_Xtal_Osc_  SP49_Library.lib(Lib_Serv_Start_Xtal_Osc.o)
    0x10001cd4   0x10001cd4   0x00000008   Code   RO          387    Lib_Serv_Stop_Xtal_Osc_  SP49_Library.lib(Lib_Serv_Stop_Xtal_Osc.o)
    0x10001cdc   0x10001cdc   0x00000008   Code   RO          391    Lib_State_Low_Power_  SP49_Library.lib(Lib_State_Low_Power.o)
    0x10001ce4   0x10001ce4   0x00000002   Code   RO            4    i.ErrorHandling     main.o
    0x10001ce6   0x10001ce6   0x00000002   PAD
    0x10001ce8   0x10001ce8   0x000001f4   Code   RO            6    i.MeasCompPrint_Acceleration  main.o
    0x10001edc   0x10001edc   0x0000013c   Code   RO            7    i.MeasCompPrint_Pressure  main.o
    0x10002018   0x10002018   0x000000fc   Code   RO            8    i.MeasCompPrint_SupplyVoltage  main.o
    0x10002114   0x10002114   0x000000dc   Code   RO            9    i.MeasCompPrint_Temperature  main.o
    0x100021f0   0x100021f0   0x00000184   Code   RO          171    i.Uart_Baudrate_Calib  devlib.o
    0x10002374   0x10002374   0x00000104   Code   RO          172    i.Uart_Init         devlib.o
    0x10002478   0x10002478   0x000000f4   Code   RO          173    i.Uart_Putchar      devlib.o
    0x1000256c   0x1000256c   0x00000120   Code   RO          177    i.Uart_SendHex32    devlib.o
    0x1000268c   0x1000268c   0x00000024   Code   RO          179    i.Uart_SendString   devlib.o
    0x100026b0   0x100026b0   0x00000020   Code   RO          611    i.__0printf$8       mc_p.l(printf8.o)
    0x100026d0   0x100026d0   0x0000002e   Code   RO          695    i.__ARM_clz         mf_p.l(depilogue.o)
    0x100026fe   0x100026fe   0x0000001c   Code   RO          292    i.__ARM_common_switch8  hamming.o
    0x1000271a   0x1000271a   0x00000002   PAD
    0x1000271c   0x1000271c   0x00000428   Code   RO          618    i._printf_core      mc_p.l(printf8.o)
    0x10002b44   0x10002b44   0x00000020   Code   RO          619    i._printf_post_padding  mc_p.l(printf8.o)
    0x10002b64   0x10002b64   0x0000002c   Code   RO          620    i._printf_pre_padding  mc_p.l(printf8.o)
    0x10002b90   0x10002b90   0x00000004   Code   RO          180    i.fputc             devlib.o
    0x10002b94   0x10002b94   0x00000072   Code   RO          259    i.hamming_8_4_array_dec  hamming.o
    0x10002c06   0x10002c06   0x0000004a   Code   RO          260    i.hamming_8_4_array_enc  hamming.o
    0x10002c50   0x10002c50   0x0000009a   Code   RO          261    i.hamming_8_4_dec   hamming.o
    0x10002cea   0x10002cea   0x0000006a   Code   RO          262    i.hamming_8_4_enc   hamming.o
    0x10002d54   0x10002d54   0x00000018   Code   RO          263    i.inter_byte_xor    hamming.o
    0x10002d6c   0x10002d6c   0x0000046e   Code   RO           10    i.main              main.o
    0x100031da   0x100031da   0x00000002   PAD
    0x100031dc   0x100031dc   0x0000009c   Code   RO          395    i.round             m_ps.l(round.o)
    0x10003278   0x10003278   0x0000002a   Code   RO          297    i.swapBytes         common.o


    Execution Region RAM_STACK (Exec base: 0x20000000, Load base: 0x100032a4, Size: 0x00000200, Max: 0x00000200, ABSOLUTE, UNINIT)

    Exec Addr    Load Addr    Size         Type   Attr      Idx    E Section Name        Object

    0x20000000        -       0x00000200   Zero   RW          312    STACK               startup_sp49.o


    Execution Region RAM_GLOB_VARS (Exec base: 0x20000200, Load base: 0x100032a4, Size: 0x0000001c, Max: 0x00000200, ABSOLUTE, UNINIT)

    Exec Addr    Load Addr    Size         Type   Attr      Idx    E Section Name        Object

    0x20000200   0x100032a4   0x00000010   Data   RW           11    .data               main.o
    0x20000210   0x100032b4   0x00000005   Data   RW          181    .data               devlib.o
    0x20000215   0x100032b9   0x00000003   PAD
    0x20000218   0x100032bc   0x00000004   Data   RW          687    .data               mc_p.l(stdout.o)


    Execution Region RET_RAM_CUST (Exec base: 0x30000000, Load base: 0x100032c0, Size: 0x00000000, Max: 0x000000c0, ABSOLUTE, UNINIT)

    **** No section assigned to this execution region ****



  Load Region LR_FLASH_CODE_CRCLOCKBYTE (Base: 0x100053fc, Size: 0x00000004, Max: 0x00000004, ABSOLUTE)

    Execution Region FLASH_CODE_CRCLOCKBYTE (Exec base: 0x100053fc, Load base: 0x100053fc, Size: 0x00000004, Max: 0x00000004, ABSOLUTE)

    Exec Addr    Load Addr    Size         Type   Attr      Idx    E Section Name        Object

    0x100053fc   0x100053fc   0x00000004   Data   RW          319    CODE_CRCLB          system_sp49.o


==============================================================================

Image component sizes


      Code (inc. data)   RO Data    RW Data    ZI Data      Debug   Object Name

        42          0          0          0          0        904   common.o
      1220         88          0          5          0       6052   devlib.o
       500         36          0          0          0       3785   hamming.o
      2424        764          0         16          0      18729   main.o
         8          4          0          0        512        248   startup_sp49.o
         0          0         32          8          0       1079   system_sp49.o

    ----------------------------------------------------------------------
      4202        892         48         32        512      30797   Object Totals
         0          0         16          0          0          0   (incl. Generated)
         8          0          0          3          0          0   (incl. Padding)

    ----------------------------------------------------------------------

      Code (inc. data)   RO Data    RW Data    ZI Data      Debug   Library Member Name

         8          0          0          0          0        476   Lib_Comp_Acceleration.o
         8          0          0          0          0        488   Lib_Comp_Auto_Acc_Offset.o
         8          0          0          0          0        464   Lib_Comp_Pressure.o
        12          4          0          0          0        472   Lib_Diag_RC_Osc_Chk.o
         8          0          0          0          0        476   Lib_Meas_Comp_SupplyV.o
         8          0          0          0          0        472   Lib_Meas_Comp_Temp.o
         8          0          0          0          0        488   Lib_Meas_Raw_Acceleration.o
         8          0          0          0          0        476   Lib_Meas_Raw_Pressure.o
         8          0          0          0          0        484   Lib_Serv_Start_Xtal_Osc.o
         8          0          0          0          0        484   Lib_Serv_Stop_Xtal_Osc.o
         8          0          0          0          0        472   Lib_State_Low_Power.o
       156         14          0          0          0         84   round.o
         0          0          0          0          0          0   entry.o
         0          0          0          0          0          0   entry10a.o
         0          0          0          0          0          0   entry11a.o
         4          0          0          0          0          0   entry12b.o
         8          4          0          0          0          0   entry2.o
         4          0          0          0          0          0   entry5.o
         0          0          0          0          0          0   entry7b.o
         0          0          0          0          0          0   entry8b.o
         8          4          0          0          0          0   entry9a.o
        30          0          0          0          0          0   handlers.o
        40          0          0          0          0         72   idiv.o
        36          8          0          0          0         68   init.o
         0          0          0          0          0          0   iusefp.o
        32          0          0          0          0         68   llshl.o
        38          0          0          0          0         68   llsshr.o
        34          0          0          0          0         68   llushr.o
      1172         52          0          0          0        324   printf8.o
         0          0          0          4          0          0   stdout.o
        44          0          0          0          0         72   uidiv.o
        96          0          0          0          0         84   uldiv.o
        18          0          0          0          0         60   uwrite4.o
        40          2          0          0          0         68   cdcmple.o
        40          2          0          0          0         68   cdrcmple.o
       360          6          0          0          0        140   dadd.o
       236          0          0          0          0        216   depilogue.o
        60         10          0          0          0         68   dfixui.o
        40          6          0          0          0         68   dflti.o
       124         10          0          0          0         76   drnd.o

    ----------------------------------------------------------------------
      2718        122          0          4          0       6924   Library Totals
         6          0          0          0          0          0   (incl. Padding)

    ----------------------------------------------------------------------

      Code (inc. data)   RO Data    RW Data    ZI Data      Debug   Library Name

        92          4          0          0          0       5252   SP49_Library.lib
       156         14          0          0          0         84   m_ps.l
      1564         68          0          4          0        884   mc_p.l
       900         36          0          0          0        704   mf_p.l

    ----------------------------------------------------------------------
      2718        122          0          4          0       6924   Library Totals

    ----------------------------------------------------------------------

==============================================================================


      Code (inc. data)   RO Data    RW Data    ZI Data      Debug   

      6920       1014         48         36        512      35753   Grand Totals
      6920       1014         48         36        512      35753   ELF Image Totals
      6920       1014         48         36          0          0   ROM Totals

==============================================================================

    Total RO  Size (Code + RO Data)                 6968 (   6.80kB)
    Total RW  Size (RW Data + ZI Data)               548 (   0.54kB)
    Total ROM Size (Code + RO Data + RW Data)       7004 (   6.84kB)

==============================================================================

